Traceback (most recent call last):
  File "/Users/mehdimir/miniforge3/envs/jupyterbook/lib/python3.10/site-packages/jupyter_core/utils/__init__.py", line 154, in wrapped
    asyncio.get_running_loop()
RuntimeError: no running event loop

During handling of the above exception, another exception occurred:

Traceback (most recent call last):
  File "/Users/mehdimir/miniforge3/envs/jupyterbook/lib/python3.10/site-packages/jupyter_cache/executors/utils.py", line 58, in single_nb_execution
    executenb(
  File "/Users/mehdimir/miniforge3/envs/jupyterbook/lib/python3.10/site-packages/nbclient/client.py", line 1319, in execute
    return NotebookClient(nb=nb, resources=resources, km=km, **kwargs).execute()
  File "/Users/mehdimir/miniforge3/envs/jupyterbook/lib/python3.10/site-packages/jupyter_core/utils/__init__.py", line 158, in wrapped
    return loop.run_until_complete(inner)
  File "/Users/mehdimir/miniforge3/envs/jupyterbook/lib/python3.10/asyncio/base_events.py", line 649, in run_until_complete
    return future.result()
  File "/Users/mehdimir/miniforge3/envs/jupyterbook/lib/python3.10/site-packages/nbclient/client.py", line 709, in async_execute
    await self.async_execute_cell(
  File "/Users/mehdimir/miniforge3/envs/jupyterbook/lib/python3.10/site-packages/nbclient/client.py", line 1062, in async_execute_cell
    await self._check_raise_for_error(cell, cell_index, exec_reply)
  File "/Users/mehdimir/miniforge3/envs/jupyterbook/lib/python3.10/site-packages/nbclient/client.py", line 918, in _check_raise_for_error
    raise CellExecutionError.from_cell_and_msg(cell, exec_reply_content)
nbclient.exceptions.CellExecutionError: An error occurred while executing the following cell:
------------------
def linear_model(x, w, b):
    return jnp.dot(x, w) + b


# convert data into features, labels
features = soldata.loc[:, feature_names].values
labels = soldata.Solubility.values

feature_dim = features.shape[1]

# initialize our paramaters
w = np.random.normal(size=feature_dim)
b = 0.0


# define loss
def loss(y, labels):
    return jnp.mean((y - labels) ** 2)


# test it out
y = linear_model(features, w, b)
loss(y, labels)
------------------


[0;31m---------------------------------------------------------------------------[0m
[0;31mNameError[0m                                 Traceback (most recent call last)
Cell [0;32mIn[9], line 12[0m
[1;32m      9[0m feature_dim [38;5;241m=[39m features[38;5;241m.[39mshape[[38;5;241m1[39m]
[1;32m     11[0m [38;5;66;03m# initialize our paramaters[39;00m
[0;32m---> 12[0m w [38;5;241m=[39m [43mnp[49m[38;5;241m.[39mrandom[38;5;241m.[39mnormal(size[38;5;241m=[39mfeature_dim)
[1;32m     13[0m b [38;5;241m=[39m [38;5;241m0.0[39m
[1;32m     16[0m [38;5;66;03m# define loss[39;00m

[0;31mNameError[0m: name 'np' is not defined

